{
    "type": "function",
    "function": {
        "name": "Tests\\createEvent",
        "description": "Function creates project event",
        "parameters": {
            "type": "object",
            "properties": {
                "title": {
                    "type": "string"
                },
                "date": {
                    "type": "string"
                },
                "stakeholders": {
                    "type": "array",
                    "items": {
                        "type": "object",
                        "description": "Represents a project stakeholder",
                        "properties": {
                            "name": {
                                "type": "string",
                                "description": "Name of the stakeholder"
                            },
                            "role": {
                                "type": "string",
                                "enum": [
                                    "customer",
                                    "vendor",
                                    "system integrator",
                                    "other"
                                ],
                                "description": "Role of the stakeholder, if specified"
                            },
                            "details": {
                                "type": "string",
                                "description": "Any details on the stakeholder, if specified - any mentions of company, organization, structure, group, team, function"
                            }
                        },
                        "required": [
                            "name",
                            "role"
                        ]
                    }
                }
            },
            "required": [
                "title",
                "date",
                "stakeholders"
            ]
        }
    }
}